ERC report (2026-10-07T17:31:38, Encoding UTF8)
Report includes: Errors, Warnings, Exclusions

***** Sheet /
[lib_symbol_issues]: The current configuration does not include the symbol library 'Parts'
    ; warning
    @(55.88 mm, 73.66 mm): Symbol BT1 [CR2032-BS-6-1]
[footprint_link_issues]: The current configuration does not include the footprint library 'Parts'
    ; warning
    @(60.96 mm, 299.72 mm): Symbol D1 [LED]
[footprint_link_issues]: The current configuration does not include the footprint library 'Parts'
    ; warning
    @(60.96 mm, 318.77 mm): Symbol D7 [LED]
[footprint_link_issues]: The current configuration does not include the footprint library 'Parts'
    ; warning
    @(60.96 mm, 337.82 mm): Symbol D13 [LED]
[footprint_link_issues]: The current configuration does not include the footprint library 'Parts'
    ; warning
    @(60.96 mm, 356.87 mm): Symbol D19 [LED]
[footprint_link_issues]: The current configuration does not include the footprint library 'Parts'
    ; warning
    @(63.50 mm, 149.86 mm): Symbol SW2 [TS-1187A-B-A-B]
[lib_symbol_issues]: The current configuration does not include the symbol library 'Parts'
    ; warning
    @(63.50 mm, 149.86 mm): Symbol SW2 [TS-1187A-B-A-B]
[footprint_link_issues]: The current configuration does not include the footprint library 'Parts'
    ; warning
    @(111.76 mm, 299.72 mm): Symbol D2 [LED]
[footprint_link_issues]: The current configuration does not include the footprint library 'Parts'
    ; warning
    @(111.76 mm, 318.77 mm): Symbol D8 [LED]
[footprint_link_issues]: The current configuration does not include the footprint library 'Parts'
    ; warning
    @(111.76 mm, 337.82 mm): Symbol D14 [LED]
[footprint_link_issues]: The current configuration does not include the footprint library 'Parts'
    ; warning
    @(111.76 mm, 356.87 mm): Symbol D20 [LED]
[footprint_link_issues]: The current configuration does not include the footprint library 'Parts'
    ; warning
    @(129.54 mm, 175.26 mm): Symbol U1 [ESP32-S3-WROOM-1]
[lib_symbol_issues]: The current configuration does not include the symbol library 'Parts'
    ; warning
    @(129.54 mm, 175.26 mm): Symbol U1 [ESP32-S3-WROOM-1]
[footprint_link_issues]: The current configuration does not include the footprint library 'Parts'
    ; warning
    @(162.56 mm, 299.72 mm): Symbol D3 [LED]
[footprint_link_issues]: The current configuration does not include the footprint library 'Parts'
    ; warning
    @(162.56 mm, 318.77 mm): Symbol D9 [LED]
[footprint_link_issues]: The current configuration does not include the footprint library 'Parts'
    ; warning
    @(162.56 mm, 337.82 mm): Symbol D15 [LED]
[footprint_link_issues]: The current configuration does not include the footprint library 'Parts'
    ; warning
    @(162.56 mm, 356.87 mm): Symbol D21 [LED]
[footprint_link_issues]: The current configuration does not include the footprint library 'Parts'
    ; warning
    @(185.42 mm, 66.04 mm): Symbol J2 [TYPE-C-31-M-12]
[lib_symbol_issues]: The current configuration does not include the symbol library 'Parts'
    ; warning
    @(185.42 mm, 66.04 mm): Symbol J2 [TYPE-C-31-M-12]
[footprint_link_issues]: The current configuration does not include the footprint library 'Parts'
    ; warning
    @(199.39 mm, 149.86 mm): Symbol SW1 [TS-1187A-B-A-B]
[lib_symbol_issues]: The current configuration does not include the symbol library 'Parts'
    ; warning
    @(199.39 mm, 149.86 mm): Symbol SW1 [TS-1187A-B-A-B]
[footprint_link_issues]: The current configuration does not include the footprint library 'Parts'
    ; warning
    @(213.36 mm, 299.72 mm): Symbol D4 [LED]
[footprint_link_issues]: The current configuration does not include the footprint library 'Parts'
    ; warning
    @(213.36 mm, 318.77 mm): Symbol D10 [LED]
[footprint_link_issues]: The current configuration does not include the footprint library 'Parts'
    ; warning
    @(213.36 mm, 337.82 mm): Symbol D16 [LED]
[footprint_link_issues]: The current configuration does not include the footprint library 'Parts'
    ; warning
    @(213.36 mm, 356.87 mm): Symbol D22 [LED]
[footprint_link_issues]: The current configuration does not include the footprint library 'Parts'
    ; warning
    @(261.62 mm, 66.04 mm): Symbol U5 [USBLC6-2SC6]
[lib_symbol_issues]: The current configuration does not include the symbol library 'Parts'
    ; warning
    @(261.62 mm, 66.04 mm): Symbol U5 [USBLC6-2SC6]
[footprint_link_issues]: The current configuration does not include the footprint library 'Parts'
    ; warning
    @(264.16 mm, 299.72 mm): Symbol D5 [LED]
[footprint_link_issues]: The current configuration does not include the footprint library 'Parts'
    ; warning
    @(264.16 mm, 318.77 mm): Symbol D11 [LED]
[footprint_link_issues]: The current configuration does not include the footprint library 'Parts'
    ; warning
    @(264.16 mm, 337.82 mm): Symbol D17 [LED]
[footprint_link_issues]: The current configuration does not include the footprint library 'Parts'
    ; warning
    @(264.16 mm, 356.87 mm): Symbol D23 [LED]
[footprint_link_issues]: The current configuration does not include the footprint library 'Parts'
    ; warning
    @(312.42 mm, 149.86 mm): Symbol U2 [LSM6DS3TR-C]
[lib_symbol_issues]: The current configuration does not include the symbol library 'Parts'
    ; warning
    @(312.42 mm, 149.86 mm): Symbol U2 [LSM6DS3TR-C]
[footprint_link_issues]: The current configuration does not include the footprint library 'Parts'
    ; warning
    @(314.96 mm, 299.72 mm): Symbol D6 [LED]
[footprint_link_issues]: The current configuration does not include the footprint library 'Parts'
    ; warning
    @(314.96 mm, 318.77 mm): Symbol D12 [LED]
[footprint_link_issues]: The current configuration does not include the footprint library 'Parts'
    ; warning
    @(314.96 mm, 337.82 mm): Symbol D18 [LED]
[footprint_link_issues]: The current configuration does not include the footprint library 'Parts'
    ; warning
    @(314.96 mm, 356.87 mm): Symbol D24 [LED]
[footprint_link_issues]: The current configuration does not include the footprint library 'Parts'
    ; warning
    @(330.20 mm, 59.69 mm): Symbol U3 [ME6211C33M5G-N]
[lib_symbol_issues]: The current configuration does not include the symbol library 'Parts'
    ; warning
    @(330.20 mm, 59.69 mm): Symbol U3 [ME6211C33M5G-N]
[footprint_link_issues]: The current configuration does not include the footprint library 'Parts'
    ; warning
    @(400.05 mm, 58.42 mm): Symbol Q1 [AO3401A]
[lib_symbol_issues]: The current configuration does not include the symbol library 'Parts'
    ; warning
    @(400.05 mm, 58.42 mm): Symbol Q1 [AO3401A]
[footprint_link_issues]: The current configuration does not include the footprint library 'Parts'
    ; warning
    @(505.46 mm, 54.61 mm): Symbol U6 [MCP73831-2-OT]

 ** ERC messages: 42  Errors 0  Warnings 42

 ** Ignored checks:
    - Global label only appears once in the schematic
    - Four connection points are joined together
    - Conflict problem between pins
    - SPICE model issue
    - Assigned footprint doesn't match footprint filters
